// Jest Snapshot v1, https://goo.gl/fbAQLP

exports[`Componente de transacao do extrato O snapshot do componente sempre deve permanecer o mesmo 1`] = `
<div
  class="transacao-container"
>
  <p>
    17/01/2022
  </p>
  <p>
    saque
  </p>
  <p>
    R$ 
    28.00
  </p>
</div>
`;
